561ab7191ec25f9761754f8d1cbf5dca1cc08f4a88aaa142e50016a1040eb492

