beb17868e92bdf5203d6a9263cffc91c3252f329116afc04855fe8ef529d77c4