93f2eca099218f4a01c8030ce6e1ab376eb943eac0fbe960ef70694eb0453540
