7e59a1292236d81ac1b79d5d8f188c1457488608944842e45b0c2f813bf08fee