bd14a25dee470598241e6b70e288ac8a8e4d767ab631817d377de334d5fb4905
