8ed834155e8c95b1de8a1dd039320a5b688220e585caf507768c0c897951eb97

