739450b3cd7b6cd870ef136ef94880f824f381834b1d5a8c7f616a6590eb34ef