acfe0ef7c41d1698937542784d8d78d64d9b88e550272be72c9ba44f49db8d64
