f3d07c82b0bea080dc1783a07234910129cc4f95edab6868482395d77503e445