92a12959aba0d4123f383e8d285e1989877f04074d248b3d5bae801d14801fa0