f9715017e60fe29557e37402e70eed9119f84324f880e5bf6f25bc78a4113647