f1c164f8837929863f6685f7ee79061d97ae079790343a67168c09066b70fc73
