a34d18792825825d9da5664e4b0053f6a9308449c0b1ea872f7350666f9e5964

