1307bf4773761714af38b2c5377bf291c28287e923f02c60266211cac2cb4814

