46fae4a8d6195aa6680d82824167eaa453f8945625869fb4aa0bb774bdbe8bf5