68b17676ea7156e3c267d07a93041f375c868c10015e8742de365dbe561d810e