f11dc9d54b07608742a6204adbf6dfa74f737b023c4519cc301b5790e3dcf16c