95188e54e87a869450049f5b7e865e3f3762d4d387b930c39199ef3b7864fad8