25704e9e01aa56159ccdfa2b5a87294f4aedf1bc8e422a73a67616f0fdeeb371

