43c215e5be4402eff02f23cd5d1b83659a942b17a56a4c373c36333fcc07fd76