77241a36a6dc2b89b99e8e8dc52dd057f6f78319a7ff913291aa44419b6afab9