2a75001c338b720fac8d5d30933c9ffa14f7e9ef1ebd22c9cf67b6dfc7e94dae