0056ada224a0e4c25be48c2b0940b7431af8c79b56cbd5556b7e96c9840060e2