74daf0d1bf5cd07ba420fc059addf2b6e3cb58596b61ebead5ec15830ec8dc63