7ebc6f246a7cba793116c7c1ebeba02eab3abadd527f6b3a239f025380f3682b